[shopper-tnc.webflow.io/home.html]
[backblue.gif]
[fade.gif]
[index.html]
[cdn.prod.website-files.com/65fd584b6e6336bd0392e213/css/shopper-tnc.webflow.7e387d6ac.css]
[ajax.googleapis.com/ajax/libs/webfont/1.6.26/webfont.js]
[cdn.prod.website-files.com/65f0219f664a58453bb579a5/65fcfce418215a8fd86aebfa_fav.png]
[cdn.prod.website-files.com/65f0219f664a58453bb579a5/65fcfce7166e6337e177c966_Webclip.png]
[shopper-tnc.webflow.io/log-in.html]
[shopper-tnc.webflow.io/checkout.html]
[cdn.prod.website-files.com/65fd584b6e6336bd0392e23b/65fd584b6e6336bd0392e3c3_watch icon.png]
[shopper-tnc.webflow.io/category/watch.html]
[cdn.prod.website-files.com/65fd584b6e6336bd0392e23b/65fd584b6e6336bd0392e3d1_megaphone 1.png]
[shopper-tnc.webflow.io/category/speaker.html]
[cdn.prod.website-files.com/65fd584b6e6336bd0392e23b/65fd584b6e6336bd0392e3d4_fi_3249525.png]
[shopper-tnc.webflow.io/category/mouse.html]
[cdn.prod.website-files.com/65fd584b6e6336bd0392e23b/65fd584b6e6336bd0392e3bf_monitor icon.png]
[cdn.prod.website-files.com/65fd584b6e6336bd0392e23b/65fd584b6e6336bd0392e3c1_mobile icon.png]
[cdn.prod.website-files.com/65fd584b6e6336bd0392e23b/65fd584b6e6336bd0392e3c2_Laptop icon.png]
[cdn.prod.website-files.com/65fd584b6e6336bd0392e23b/65fd584b6e6336bd0392e3d3_keyboard (1) 1.png]
[shopper-tnc.webflow.io/category/keyboard.html]
[cdn.prod.website-files.com/65fd584b6e6336bd0392e23b/65fd584b6e6336bd0392e3d5_headphones 1.png]
[shopper-tnc.webflow.io/category/headphone.html]
[cdn.prod.website-files.com/65fd584b6e6336bd0392e23b/65fd584b6e6336bd0392e3d2_earbuds 1.png]
[cdn.prod.website-files.com/65fd584b6e6336bd0392e23b/65fd584b6e6336bd0392e3c0_camera icon.png]
[cdn.prod.website-files.com/65fd584b6e6336bd0392e23b/65fd584b6e6336bd0392e3c4_Accesories icon.png]
[shopper-tnc.webflow.io/home-2.html]
[shopper-tnc.webflow.io/home-3.html]
[shopper-tnc.webflow.io/about.html]
[shopper-tnc.webflow.io/utility/style-guide.html]
[shopper-tnc.webflow.io/blog.html]
[cdn.prod.website-files.com/65fd584b6e6336bd0392e23b/65fd584b6e6336bd0392e3c5_Keyboard 2.png]
[shopper-tnc.webflow.io/product/digital-bluetooth-speaker.html]
[cdn.prod.website-files.com/65fd584b6e6336bd0392e23b/65fd584b6e6336bd0392e3d0_Black-Bluetooth-Speaker-PNG-Background-Image.png]
[cdn.prod.website-files.com/65fd584b6e6336bd0392e23b/65fd584b6e6336bd0392e3bc_PngItem_5999824.png]
[shopper-tnc.webflow.io/product/tnc-smart-watch.html]
[cdn.prod.website-files.com/65fd584b6e6336bd0392e23b/65fd584b6e6336bd0392e3a9_PngItem_6449224.png]
[shopper-tnc.webflow.io/product/tnc-gaming-headphone.html]
[cdn.prod.website-files.com/65fd584b6e6336bd0392e23b/65fd584b6e6336bd0392e332_headphone image (1).png]
[cdn.prod.website-files.com/65f021a0664a58453bb57b1c/65f172bcd220eb633c31b164_image (1).png]
[shopper-tnc.webflow.io/product/tnc-laptop.html]
[cdn.prod.website-files.com/65f021a0664a58453bb57b1c/65f1750f061aa72cd78a727c_image (2).png]
[shopper-tnc.webflow.io/product/tnc-android-phone.html]
[cdn.prod.website-files.com/65fd584b6e6336bd0392e23b/65fd584b6e6336bd0392e376_image (3).png]
[cdn.prod.website-files.com/65fd584b6e6336bd0392e23b/65fd584b6e6336bd0392e377_image 2.png]
[cdn.prod.website-files.com/65fd584b6e6336bd0392e23b/65fd584b6e6336bd0392e378_camera 1.png]
[shopper-tnc.webflow.io/product/tnc-gaming-laptop.html]
[cdn.prod.website-files.com/65fd584b6e6336bd0392e23b/65fd584b6e6336bd0392e3a5_PngItem_637933.png]
[shopper-tnc.webflow.io/product/mens-luxury-watch.html]
[cdn.prod.website-files.com/65f021a0664a58453bb57b1c/65f273cb0dc21c8d455ec780_wepik-export-20240220123432guEG 1.png]
[cdn.prod.website-files.com/65fd584b6e6336bd0392e23b/65fd584b6e6336bd0392e379_image-1.png]
[cdn.prod.website-files.com/65fd584b6e6336bd0392e23b/65fd584b6e6336bd0392e3b8_PngItem_3458407.png]
[shopper-tnc.webflow.io/product/tnc-gaming-mouse.html]
[cdn.prod.website-files.com/65fd584b6e6336bd0392e23b/65fd584b6e6336bd0392e37b_91629003_Computer Mouse -5 2.png]
[cdn.prod.website-files.com/65fd584b6e6336bd0392e213/6710bad103d512eeaa66b494_660b3a7b9a640d8454b64ce6_a549e278-0d59-45f8-922a-a5d97dbbcfac.png]
[cdn.prod.website-files.com/65fd584b6e6336bd0392e213/6710bad103d512eeaa66b481_Group.png]
[d3e54v103j8qbb.cloudfront.net/js/jquery-3.5.1.min.dc5e7f18c8a87e.js]
[cdn.prod.website-files.com/65fd584b6e6336bd0392e213/js/webflow.schunk.296d88ef1f6a0607.js]
[cdn.prod.website-files.com/65fd584b6e6336bd0392e213/js/webflow.schunk.9e078d2e869d0604.js]
[cdn.prod.website-files.com/65fd584b6e6336bd0392e213/js/webflow.schunk.a2678aced5194f0a.js]
[shopper-tnc.webflow.io/home.html]
[cdn.prod.website-files.com/65fd584b6e6336bd0392e213/css/shopper-tnc.webflow.7e387d6ac.css]
[cdn.prod.website-files.com/65fd584b6e6336bd0392e213/js/webflow.7560d3db.5f3e6b8855197c23.js]
[shopper-tnc.webflow.io/log-in.html]
[shopper-tnc.webflow.io/checkout.html]
[cdn.prod.website-files.com/65fd584b6e6336bd0392e213/js/webflow.d1f0809a.ea95a6207725a542.js]
[shopper-tnc.webflow.io/price-ranges/101---200.html]
[shopper-tnc.webflow.io/price-ranges/201---300.html]
[shopper-tnc.webflow.io/category/watch.html]
[shopper-tnc.webflow.io/category/speaker.html]
[shopper-tnc.webflow.io/category/mouse.html]
[shopper-tnc.webflow.io/category/keyboard.html]
[shopper-tnc.webflow.io/category/headphone.html]
[shopper-tnc.webflow.io/home-2.html]
[shopper-tnc.webflow.io/home-3.html]
[shopper-tnc.webflow.io/about.html]
[shopper-tnc.webflow.io/utility/style-guide.html]
[cdn.prod.website-files.com/65fd584b6e6336bd0392e213/js/webflow.cb04682f.df924c0fe3137249.js]
[shopper-tnc.webflow.io/post/creative-ideas-for-upcycling-old-furniture.html]
[shopper-tnc.webflow.io/shop.html]
[cdn.prod.website-files.com/65fd584b6e6336bd0392e23b/65fd584b6e6336bd0392e3ce_image-6.png]
[shopper-tnc.webflow.io/blog-categories/gift-items.html]
[shopper-tnc.webflow.io/post/ecommerce-tnc-webflow-io-post-explore-tncs-green-initiatives-in-the-kitchen-for-sustainable-dining.html]
[cdn.prod.website-files.com/65fd584b6e6336bd0392e23b/65fd584b6e6336bd0392e3cd_image-2.png]
[shopper-tnc.webflow.io/blog-categories/diy-projects.html]
[shopper-tnc.webflow.io/post/healthy-living-simple-recipes-for-a-nutritious-start-to-the-day.html]
[cdn.prod.website-files.com/65fd584b6e6336bd0392e23b/65fd584b6e6336bd0392e3cc_image-5.png]
[shopper-tnc.webflow.io/blog-categories/travel-essentials.html]
[shopper-tnc.webflow.io/post/discover-the-essential-gadgets-shaping-2024s-tech-landscape-now.html]
[cdn.prod.website-files.com/65fd584b6e6336bd0392e23b/65fd584b6e6336bd0392e3cb_image-4.png]
[shopper-tnc.webflow.io/blog-categories/beauty-hacks.html]
[shopper-tnc.webflow.io/post/beauty-hacks-expert-tips-for-flawless-makeup-every-time.html]
[cdn.prod.website-files.com/65fd584b6e6336bd0392e23b/65fd584b6e6336bd0392e3ca_image-1.png]
[shopper-tnc.webflow.io/post/how-to-choose-the-perfect-gift-for-every-occasion.html]
[cdn.prod.website-files.com/65fd584b6e6336bd0392e23b/65fd584b6e6336bd0392e3c9_image.png]
[shopper-tnc.webflow.io/blog-categories/gadgets.html]
[shopper-tnc.webflow.io/tags/pizza.html]
[shopper-tnc.webflow.io/tags/offers.html]
[shopper-tnc.webflow.io/blog.html]
[shopper-tnc.webflow.io/tags/asian-cuisine.html]
[cdn.prod.website-files.com/65fd584b6e6336bd0392e23b/65fd584b6e6336bd0392e3ba_PngItem_226419.png]
[cdn.prod.website-files.com/65fd584b6e6336bd0392e23b/65fd584b6e6336bd0392e3b9_PngItem_1090282.png]
[cdn.prod.website-files.com/65fd584b6e6336bd0392e23b/65fd584b6e6336bd0392e3bb_PngItem_1260215.png]
[cdn.prod.website-files.com/65fd584b6e6336bd0392e23b/65fd584b6e6336bd0392e373_ady-teenagerinro-sQ0xXxQdfeY-unsplash.jpg]
[cdn.prod.website-files.com/65fd584b6e6336bd0392e23b/65fd584b6e6336bd0392e374_altumcode-Ui3zMjpMrmM-unsplash.jpg]
[shopper-tnc.webflow.io/product/digital-bluetooth-speaker.html]
[cdn.prod.website-files.com/65fd584b6e6336bd0392e213/js/webflow.42d3d7da.4251777199cc7de9.js]
[cdn.prod.website-files.com/65fd584b6e6336bd0392e23b/65fd584b6e6336bd0392e3ab_PngItem_3698979.png]
[cdn.prod.website-files.com/65fd584b6e6336bd0392e23b/65fd584b6e6336bd0392e3aa_PngItem_3699667.png]
[cdn.prod.website-files.com/65fd584b6e6336bd0392e23b/65fd584b6e6336bd0392e3ac_PngItem_6138208.png]
[shopper-tnc.webflow.io/product/tnc-smart-watch.html]
[cdn.prod.website-files.com/65f021a0664a58453bb57b1c/65f16d976c38f6b4bd24c7c3_83005373_Beautiful gaming headphone -5 1.png]
[cdn.prod.website-files.com/65f021a0664a58453bb57b1c/65f16d9768f92890b77c2ec4_89198755_3d Blue Headphones -1 1.png]
[cdn.prod.website-files.com/65f021a0664a58453bb57b1c/65f16d972cd4f3ffb8b31d03_134303184_4bb8c053-2429-4606-bb4c-b592dde603ec 1.png]
[cdn.prod.website-files.com/65fd584b6e6336bd0392e23b/65fd584b6e6336bd0392e349_Rectangle 19.png]
[cdn.prod.website-files.com/65fd584b6e6336bd0392e23b/660513898b2c25155bc60e64_65f17281a68a0518eb038401_28000134_05june22_headphone_icon_01%201.png]
[shopper-tnc.webflow.io/product/tnc-gaming-headphone.html]
[cdn.prod.website-files.com/65f021a0664a58453bb57b1c/65f174fcdbf6bd403f415f80_image-2.png]
[cdn.prod.website-files.com/65fd584b6e6336bd0392e23b/65fd584b6e6336bd0392e3b4_1609425_P2PDTG1 1.png]
[shopper-tnc.webflow.io/product/tnc-laptop.html]
[cdn.prod.website-files.com/65fd584b6e6336bd0392e23b/65fd584b6e6336bd0392e3b2_PngItem_85662.png]
[cdn.prod.website-files.com/65fd584b6e6336bd0392e23b/65fd584b6e6336bd0392e3b3_PngItem_86428.png]
[cdn.prod.website-files.com/65fd584b6e6336bd0392e23b/65fd584b6e6336bd0392e3b1_PngItem_6761038.png]
[shopper-tnc.webflow.io/product/tnc-android-phone.html]
[cdn.prod.website-files.com/65fd584b6e6336bd0392e23b/65fd584b6e6336bd0392e3a6_PngItem_6031869.png]
[shopper-tnc.webflow.io/product/tnc-stereo-headphone.html]
[cdn.prod.website-files.com/65fd584b6e6336bd0392e23b/65fd584b6e6336bd0392e3a7_PngItem_2291823.png]
[cdn.prod.website-files.com/65fd584b6e6336bd0392e23b/65fd584b6e6336bd0392e3a8_PngItem_1945975.png]
[shopper-tnc.webflow.io/product/tnc-gaming-laptop.html]
[cdn.prod.website-files.com/65fd584b6e6336bd0392e23b/65fd584b6e6336bd0392e380_PngItem_1156789.png]
[cdn.prod.website-files.com/65fd584b6e6336bd0392e23b/65fd584b6e6336bd0392e381_PngItem_1156805.png]
[cdn.prod.website-files.com/65fd584b6e6336bd0392e23b/65fd584b6e6336bd0392e37f_PngItem_1156902.png]
[shopper-tnc.webflow.io/product/mens-luxury-watch.html]
[cdn.prod.website-files.com/65fd584b6e6336bd0392e23b/65fd584b6e6336bd0392e37e_PngItem_1757418.png]
[cdn.prod.website-files.com/65fd584b6e6336bd0392e23b/65fd584b6e6336bd0392e37c_PngItem_1757485.png]
[cdn.prod.website-files.com/65fd584b6e6336bd0392e23b/65fd584b6e6336bd0392e37d_PngItem_6355111.png]
[shopper-tnc.webflow.io/product/tnc-gaming-mouse.html]
[shopper-tnc.webflow.io/price-ranges/101---200.html]
[shopper-tnc.webflow.io/price-ranges/101---2007d37.html]
[shopper-tnc.webflow.io/price-ranges/201---300.html]
[shopper-tnc.webflow.io/price-ranges/201---3007d37.html]
[shopper-tnc.webflow.io/price-ranges/1---100.html]
[shopper-tnc.webflow.io/shop.html]
[cdn.prod.website-files.com/65fd584b6e6336bd0392e23b/65fd584b6e6336bd0392e288_image11.jpg]
[cdn.prod.website-files.com/65fd584b6e6336bd0392e23b/65fd584b6e6336bd0392e3cf_Rectangle 669.png]
[shopper-tnc.webflow.io/post/creative-ideas-for-upcycling-old-furniture.html]
[shopper-tnc.webflow.io/blog-categories/gift-items.html]
[cdn.prod.website-files.com/65fd584b6e6336bd0392e23b/65fd584b6e6336bd0392e23f_image13.jpg]
[shopper-tnc.webflow.io/post/ecommerce-tnc-webflow-io-post-explore-tncs-green-initiatives-in-the-kitchen-for-sustainable-dining.html]
[shopper-tnc.webflow.io/blog-categories/diy-projects.html]
[shopper-tnc.webflow.io/post/healthy-living-simple-recipes-for-a-nutritious-start-to-the-day.html]
[shopper-tnc.webflow.io/blog-categories/travel-essentials.html]
[cdn.prod.website-files.com/65fd584b6e6336bd0392e23b/65fd584b6e6336bd0392e25d_image8.jpg]
[shopper-tnc.webflow.io/post/discover-the-essential-gadgets-shaping-2024s-tech-landscape-now.html]
[shopper-tnc.webflow.io/blog-categories/beauty-hacks.html]
[shopper-tnc.webflow.io/post/beauty-hacks-expert-tips-for-flawless-makeup-every-time.html]
[shopper-tnc.webflow.io/post/how-to-choose-the-perfect-gift-for-every-occasion.html]
[shopper-tnc.webflow.io/blog-categories/gadgets.html]
[shopper-tnc.webflow.io/tags/pizza.html]
[shopper-tnc.webflow.io/tags/offers.html]
[shopper-tnc.webflow.io/tags/asian-cuisine.html]
[cdn.prod.website-files.com/65fd584b6e6336bd0392e23b/65fd584b6e6336bd0392e3b0_134303184_4bb8c053-2429-4606-bb4c-b592dde603ec 1.png]
[shopper-tnc.webflow.io/product/tnc-stereo-headphone.html]
[shopper-tnc.webflow.io/privacy-policy.html]
[shopper-tnc.webflow.io/sign-up.html]
[shopper-tnc.webflow.io/user-account.html]
[shopper-tnc.webflow.io/price-ranges/101---2007d37.html]
[shopper-tnc.webflow.io/price-ranges/101---20019ea.html]
[shopper-tnc.webflow.io/price-ranges/201---3007d37.html]
[shopper-tnc.webflow.io/price-ranges/201---30019ea.html]
[shopper-tnc.webflow.io/price-ranges/1---100.html]
[shopper-tnc.webflow.io/category/monitor.html]
[shopper-tnc.webflow.io/category/mobile-phone.html]
[shopper-tnc.webflow.io/category/laptop.html]
[shopper-tnc.webflow.io/category/earphone.html]
[shopper-tnc.webflow.io/category/camera.html]
[shopper-tnc.webflow.io/category/accessories.html]
[shopper-tnc.webflow.io/faq.html]
[shopper-tnc.webflow.io/price-ranges/1---10058cd.html]
[shopper-tnc.webflow.io/contact.html]
[shopper-tnc.webflow.io/product/tnc-gaming-keyboard.html]
[shopper-tnc.webflow.io/product/tnc-airbuds.html]
[shopper-tnc.webflow.io/product/tnc-android-watch.html]
[shopper-tnc.webflow.io/product/tnc-dslr-camera.html]
[shopper-tnc.webflow.io/product/tnc-4k-monitor.html]
[shopper-tnc.webflow.io/product/tnc-fitness-trackers.html]
[shopper-tnc.webflow.io/utility/license.html]
[shopper-tnc.webflow.io/reset-password.html]
[shopper-tnc.webflow.io/price-ranges/101---20019ea.html]
[shopper-tnc.webflow.io/price-ranges/201---30019ea.html]
[shopper-tnc.webflow.io/price-ranges/1---10058cd.html]
[shopper-tnc.webflow.io/_https_/cdn.prod.website-files.com/65f0219f664a58453bb579a5/65f7ced4044c97db55760726_4804670_Desk_Laptop_Commercial Company_1280x720-poster-00001.html]
[shopper-tnc.webflow.io/tags/tnc-menu.html]
[shopper-tnc.webflow.io/tags/food.html]
[shopper-tnc.webflow.io/tags/restaurant.html]
[shopper-tnc.webflow.io/price-ranges/1---1009125.html]
[shopper-tnc.webflow.io/price-ranges/1---1009125.html]
[shopper-tnc.webflow.io/shop5db0.html]
